// Jest Snapshot v1, https://goo.gl/fbAQLP

exports[`ArticleContainer renders correctly 1`] = `<WineList />`;
