// Jest Snapshot v1, https://goo.gl/fbAQLP

exports[`WineList renders correctly 1`] = `<WineItem />`;
