// Jest Snapshot v1, https://goo.gl/fbAQLP

exports[`WineItem renders correctly 1`] = `
<div>
  wineItem
</div>
`;
